// Jest Snapshot v1, https://goo.gl/fbAQLP

exports[`ExperiencesPageComponent should create 1`] = `
HTMLCollection [
  <rc-experience-cards-list>
    <rc-experience-card>
      <rc-card>
        <div
          class="rc-card-header"
        >
          <rc-card-title
            class="rc-card-title"
          >
            CBP
          </rc-card-title>
          <rc-card-subtitle
            class="rc-card-subtitle"
          >
            <span>
              1 an(s) et 7 mois
            </span>
            <span>
              Saint-Herblain, Pays de Loire, France
            </span>
          </rc-card-subtitle>
        </div>
        <rc-card-content
          class="rc-card-content"
        >
          <rc-accordion>
            <rc-accordion-bloc
              class="rc-accordion-bloc"
            >
              <rc-accordion-bloc-header
                class="rc-accordion-bloc-header"
              >
                <rc-roles-list>
                  <rc-list
                    role="list"
                  >
                    <span
                      class="rc-list-items-wrapper"
                    >
                      <rc-list-item
                        class="rc-list-item"
                        role="list-item"
                      >
                        <rc-line
                          class="rc-line"
                        >
                          Lead développeur front-end
                        </rc-line>
                        <rc-line
                          class="rc-line"
                        >
                          FREELANCE
                        </rc-line>
                        <rc-line
                          class="rc-line"
                        >
                          March 2022 - July 2022
                        </rc-line>
                      </rc-list-item>
                      <rc-list-item
                        class="rc-list-item"
                        role="list-item"
                      >
                        <rc-line
                          class="rc-line"
                        >
                          Lead développeur front-end
                        </rc-line>
                        <rc-line
                          class="rc-line"
                        >
                          CDI ESN
                        </rc-line>
                        <rc-line
                          class="rc-line"
                        >
                          January 2020 - March 2022
                        </rc-line>
                      </rc-list-item>
                      
                    </span>
                  </rc-list>
                </rc-roles-list>
                <rc-material-icon
                  class="ng-trigger ng-trigger-rotate material-icons"
                  style=""
                >
                   expand_more 
                </rc-material-icon>
              </rc-accordion-bloc-header>
              <rc-accordion-bloc-content
                class="ng-trigger ng-trigger-collapsable rc-collapsed"
                style="height:0px;opacity:0.5;0:height;1:opacity;"
              >
                <span
                  class="rc-accordion-bloc-content-wrapper"
                >
                  <p
                    class="rc-quote"
                    rcquote=""
                  >
                    Après 30 ans de vie de la chaîne de gestion de sinistres, il est venu le temps d'une refonte complète
                  </p>
                  <rc-technologies-list>
                    <rc-list
                      class="rc-horizontal"
                      horizontal=""
                      role="list"
                    >
                      <rc-list-title
                        class="rc-list-title"
                      >
                        technologies
                      </rc-list-title>
                      <span
                        class="rc-list-items-wrapper"
                      >
                        <rc-list-item
                          class="rc-list-item"
                          role="list-item"
                          style=""
                        >
                          Angular 14
                        </rc-list-item>
                        <rc-list-item
                          class="rc-list-item"
                          role="list-item"
                          style=""
                        >
                          Nx
                        </rc-list-item>
                        <rc-list-item
                          class="rc-list-item"
                          role="list-item"
                          style=""
                        >
                          Typescript
                        </rc-list-item>
                        <rc-list-item
                          class="rc-list-item"
                          role="list-item"
                          style=""
                        >
                          Sass
                        </rc-list-item>
                        <rc-list-item
                          class="rc-list-item"
                          role="list-item"
                          style=""
                        >
                          Angular Material CDK
                        </rc-list-item>
                        <rc-list-item
                          class="rc-list-item"
                          role="list-item"
                          style=""
                        >
                          ngx-translate
                        </rc-list-item>
                        <rc-list-item
                          class="rc-list-item"
                          role="list-item"
                          style=""
                        >
                          Rxjs
                        </rc-list-item>
                        <rc-list-item
                          class="rc-list-item"
                          role="list-item"
                          style=""
                        >
                          Jest
                        </rc-list-item>
                        <rc-list-item
                          class="rc-list-item"
                          role="list-item"
                          style=""
                        >
                          Storybook
                        </rc-list-item>
                        <rc-list-item
                          class="rc-list-item"
                          role="list-item"
                          style=""
                        >
                          Cypress
                        </rc-list-item>
                        <rc-list-item
                          class="rc-list-item"
                          role="list-item"
                          style=""
                        >
                          Gitlab CI
                        </rc-list-item>
                        
                      </span>
                    </rc-list>
                  </rc-technologies-list>
                  <rc-tasks-list>
                    <rc-list
                      role="list"
                    >
                      <rc-list-title
                        class="rc-list-title"
                      >
                        completed-tasks
                      </rc-list-title>
                      <span
                        class="rc-list-items-wrapper"
                      >
                        <rc-list-item
                          class="rc-list-item"
                          role="list-item"
                          style=""
                        >
                          Proposition et mise en place d'une approche atomic design
                        </rc-list-item>
                        <rc-list-item
                          class="rc-list-item"
                          role="list-item"
                          style=""
                        >
                          Former l'équipe à Angular (présentation, pair-programming, points d'échanges)
                        </rc-list-item>
                        <rc-list-item
                          class="rc-list-item"
                          role="list-item"
                          style=""
                        >
                          Prôner l'usage du TDD
                        </rc-list-item>
                        <rc-list-item
                          class="rc-list-item"
                          role="list-item"
                          style=""
                        >
                          Challenger les maquettes fournies par les UI/UXs
                        </rc-list-item>
                        <rc-list-item
                          class="rc-list-item"
                          role="list-item"
                          style=""
                        >
                          Participer aux recrutements pour diverses équipes
                        </rc-list-item>
                        <rc-list-item
                          class="rc-list-item"
                          role="list-item"
                          style=""
                        >
                          travailler de pair avec la PO afin de prioriser les tâches
                        </rc-list-item>
                        <rc-list-item
                          class="rc-list-item"
                          role="list-item"
                          style=""
                        >
                          Remonter les alertes nécessaires sur l'avancée des devs
                        </rc-list-item>
                        <rc-list-item
                          class="rc-list-item"
                          role="list-item"
                          style=""
                        >
                          POC pour la mise en place de Storybook
                        </rc-list-item>
                        <rc-list-item
                          class="rc-list-item"
                          role="list-item"
                          style=""
                        >
                          POC pour la mise en place de Nx
                        </rc-list-item>
                        <rc-list-item
                          class="rc-list-item"
                          role="list-item"
                          style=""
                        >
                          POC pour la mise en place de tests Cypress pour Storybook
                        </rc-list-item>
                        
                      </span>
                    </rc-list>
                  </rc-tasks-list>
                </span>
              </rc-accordion-bloc-content>
            </rc-accordion-bloc>
          </rc-accordion>
        </rc-card-content>
      </rc-card>
    </rc-experience-card>
    <rc-experience-card>
      <rc-card>
        <div
          class="rc-card-header"
        >
          <rc-card-title
            class="rc-card-title"
          >
            S2E
          </rc-card-title>
          <rc-card-subtitle
            class="rc-card-subtitle"
          >
            <span>
              8 mois
            </span>
            <span>
              Nantes, Pays de Loire, France
            </span>
          </rc-card-subtitle>
        </div>
        <rc-card-content
          class="rc-card-content"
        >
          <rc-accordion>
            <rc-accordion-bloc
              class="rc-accordion-bloc"
            >
              <rc-accordion-bloc-header
                class="rc-accordion-bloc-header"
              >
                <rc-roles-list>
                  <rc-list
                    role="list"
                  >
                    <span
                      class="rc-list-items-wrapper"
                    >
                      <rc-list-item
                        class="rc-list-item"
                        role="list-item"
                      >
                        <rc-line
                          class="rc-line"
                        >
                          Développeur full-stack
                        </rc-line>
                        <rc-line
                          class="rc-line"
                        >
                          CDI ESN
                        </rc-line>
                        <rc-line
                          class="rc-line"
                        >
                          June 2020 - December 2020
                        </rc-line>
                      </rc-list-item>
                      
                    </span>
                  </rc-list>
                </rc-roles-list>
                <rc-material-icon
                  class="ng-trigger ng-trigger-rotate material-icons"
                  style=""
                >
                   expand_more 
                </rc-material-icon>
              </rc-accordion-bloc-header>
              <rc-accordion-bloc-content
                class="ng-trigger ng-trigger-collapsable rc-collapsed"
                style="height:0px;opacity:0.5;0:height;1:opacity;"
              >
                <span
                  class="rc-accordion-bloc-content-wrapper"
                >
                  <p
                    class="rc-quote"
                    rcquote=""
                  >
                    Run sur une application d'épargne salariale
                  </p>
                  <rc-technologies-list>
                    <rc-list
                      class="rc-horizontal"
                      horizontal=""
                      role="list"
                    >
                      <rc-list-title
                        class="rc-list-title"
                      >
                        technologies
                      </rc-list-title>
                      <span
                        class="rc-list-items-wrapper"
                      >
                        <rc-list-item
                          class="rc-list-item"
                          role="list-item"
                          style=""
                        >
                          Java 8
                        </rc-list-item>
                        <rc-list-item
                          class="rc-list-item"
                          role="list-item"
                          style=""
                        >
                          Maven
                        </rc-list-item>
                        <rc-list-item
                          class="rc-list-item"
                          role="list-item"
                          style=""
                        >
                          JSF2
                        </rc-list-item>
                        <rc-list-item
                          class="rc-list-item"
                          role="list-item"
                          style=""
                        >
                          Gitlab CI
                        </rc-list-item>
                        
                      </span>
                    </rc-list>
                  </rc-technologies-list>
                  <rc-tasks-list>
                    <rc-list
                      role="list"
                    >
                      <rc-list-title
                        class="rc-list-title"
                      >
                        completed-tasks
                      </rc-list-title>
                      <span
                        class="rc-list-items-wrapper"
                      >
                        <rc-list-item
                          class="rc-list-item"
                          role="list-item"
                          style=""
                        >
                          Maintenance corrective et évolutive
                        </rc-list-item>
                        
                      </span>
                    </rc-list>
                  </rc-tasks-list>
                </span>
              </rc-accordion-bloc-content>
            </rc-accordion-bloc>
          </rc-accordion>
        </rc-card-content>
      </rc-card>
    </rc-experience-card>
    <rc-experience-card>
      <rc-card>
        <div
          class="rc-card-header"
        >
          <rc-card-title
            class="rc-card-title"
          >
            norsys
          </rc-card-title>
          <rc-card-subtitle
            class="rc-card-subtitle"
          >
            <span>
              3 mois
            </span>
            <span>
              Nantes, Pays de Loire, France
            </span>
          </rc-card-subtitle>
        </div>
        <rc-card-content
          class="rc-card-content"
        >
          <rc-accordion>
            <rc-accordion-bloc
              class="rc-accordion-bloc"
            >
              <rc-accordion-bloc-header
                class="rc-accordion-bloc-header"
              >
                <rc-roles-list>
                  <rc-list
                    role="list"
                  >
                    <span
                      class="rc-list-items-wrapper"
                    >
                      <rc-list-item
                        class="rc-list-item"
                        role="list-item"
                      >
                        <rc-line
                          class="rc-line"
                        >
                          Lead développeur
                        </rc-line>
                        <rc-line
                          class="rc-line"
                        >
                          CDI
                        </rc-line>
                        <rc-line
                          class="rc-line"
                        >
                          April 2020 - June 2020
                        </rc-line>
                      </rc-list-item>
                      
                    </span>
                  </rc-list>
                </rc-roles-list>
                <rc-material-icon
                  class="ng-trigger ng-trigger-rotate material-icons"
                  style=""
                >
                   expand_more 
                </rc-material-icon>
              </rc-accordion-bloc-header>
              <rc-accordion-bloc-content
                class="ng-trigger ng-trigger-collapsable rc-collapsed"
                style="height:0px;opacity:0.5;0:height;1:opacity;"
              >
                <span
                  class="rc-accordion-bloc-content-wrapper"
                >
                  <p
                    class="rc-quote"
                    rcquote=""
                  >
                    Certains d'entre nous ce sont retrouvés en inter-contrat durant le premier confinement. Afin de ne pas trop subir et d'essayé d'avoir une vie normal, on a monté une équipe afin de réaliser une application permettant géolocaliser sur une carte les missions de nos collaborateurs
                  </p>
                  <rc-technologies-list>
                    <rc-list
                      class="rc-horizontal"
                      horizontal=""
                      role="list"
                    >
                      <rc-list-title
                        class="rc-list-title"
                      >
                        technologies
                      </rc-list-title>
                      <span
                        class="rc-list-items-wrapper"
                      >
                        <rc-list-item
                          class="rc-list-item"
                          role="list-item"
                          style=""
                        >
                          Docker
                        </rc-list-item>
                        <rc-list-item
                          class="rc-list-item"
                          role="list-item"
                          style=""
                        >
                          Angular 9
                        </rc-list-item>
                        <rc-list-item
                          class="rc-list-item"
                          role="list-item"
                          style=""
                        >
                          Gitlab CI
                        </rc-list-item>
                        <rc-list-item
                          class="rc-list-item"
                          role="list-item"
                          style=""
                        >
                          OpenStreetMap
                        </rc-list-item>
                        <rc-list-item
                          class="rc-list-item"
                          role="list-item"
                          style=""
                        >
                          NodeJS
                        </rc-list-item>
                        <rc-list-item
                          class="rc-list-item"
                          role="list-item"
                          style=""
                        >
                          MongoDB
                        </rc-list-item>
                        
                      </span>
                    </rc-list>
                  </rc-technologies-list>
                  <rc-tasks-list>
                    <rc-list
                      role="list"
                    >
                      <rc-list-title
                        class="rc-list-title"
                      >
                        completed-tasks
                      </rc-list-title>
                      <span
                        class="rc-list-items-wrapper"
                      >
                        <rc-list-item
                          class="rc-list-item"
                          role="list-item"
                          style=""
                        >
                          Maintenance corrective et évolutive
                        </rc-list-item>
                        
                      </span>
                    </rc-list>
                  </rc-tasks-list>
                </span>
              </rc-accordion-bloc-content>
            </rc-accordion-bloc>
          </rc-accordion>
        </rc-card-content>
      </rc-card>
    </rc-experience-card>
    <rc-experience-card>
      <rc-card>
        <div
          class="rc-card-header"
        >
          <rc-card-title
            class="rc-card-title"
          >
            norsys
          </rc-card-title>
          <rc-card-subtitle
            class="rc-card-subtitle"
          >
            <span>
              10 mois
            </span>
            <span>
              Nantes, Pays de Loire, France
            </span>
          </rc-card-subtitle>
        </div>
        <rc-card-content
          class="rc-card-content"
        >
          <rc-accordion>
            <rc-accordion-bloc
              class="rc-accordion-bloc"
            >
              <rc-accordion-bloc-header
                class="rc-accordion-bloc-header"
              >
                <rc-roles-list>
                  <rc-list
                    role="list"
                  >
                    <span
                      class="rc-list-items-wrapper"
                    >
                      <rc-list-item
                        class="rc-list-item"
                        role="list-item"
                      >
                        <rc-line
                          class="rc-line"
                        >
                          Lead développeur
                        </rc-line>
                        <rc-line
                          class="rc-line"
                        >
                          CDI
                        </rc-line>
                        <rc-line
                          class="rc-line"
                        >
                          July 2019 - March 2020
                        </rc-line>
                      </rc-list-item>
                      
                    </span>
                  </rc-list>
                </rc-roles-list>
                <rc-material-icon
                  class="ng-trigger ng-trigger-rotate material-icons"
                  style=""
                >
                   expand_more 
                </rc-material-icon>
              </rc-accordion-bloc-header>
              <rc-accordion-bloc-content
                class="ng-trigger ng-trigger-collapsable rc-collapsed"
                style="height:0px;opacity:0.5;0:height;1:opacity;"
              >
                <span
                  class="rc-accordion-bloc-content-wrapper"
                >
                  <p
                    class="rc-quote"
                    rcquote=""
                  >
                    Run sur un site web e-commerce de vente de portes
                  </p>
                  <rc-technologies-list>
                    <rc-list
                      class="rc-horizontal"
                      horizontal=""
                      role="list"
                    >
                      <rc-list-title
                        class="rc-list-title"
                      >
                        technologies
                      </rc-list-title>
                      <span
                        class="rc-list-items-wrapper"
                      >
                        <rc-list-item
                          class="rc-list-item"
                          role="list-item"
                          style=""
                        >
                          PHP
                        </rc-list-item>
                        <rc-list-item
                          class="rc-list-item"
                          role="list-item"
                          style=""
                        >
                          Symfony
                        </rc-list-item>
                        <rc-list-item
                          class="rc-list-item"
                          role="list-item"
                          style=""
                        >
                          Docker
                        </rc-list-item>
                        <rc-list-item
                          class="rc-list-item"
                          role="list-item"
                          style=""
                        >
                          Gitlab CI
                        </rc-list-item>
                        
                      </span>
                    </rc-list>
                  </rc-technologies-list>
                  <rc-tasks-list>
                    <rc-list
                      role="list"
                    >
                      <rc-list-title
                        class="rc-list-title"
                      >
                        completed-tasks
                      </rc-list-title>
                      <span
                        class="rc-list-items-wrapper"
                      >
                        <rc-list-item
                          class="rc-list-item"
                          role="list-item"
                          style=""
                        >
                          Maintenance corrective et évolutive
                        </rc-list-item>
                        
                      </span>
                    </rc-list>
                  </rc-tasks-list>
                </span>
              </rc-accordion-bloc-content>
            </rc-accordion-bloc>
          </rc-accordion>
        </rc-card-content>
      </rc-card>
    </rc-experience-card>
    <rc-experience-card>
      <rc-card>
        <div
          class="rc-card-header"
        >
          <rc-card-title
            class="rc-card-title"
          >
            Vif
          </rc-card-title>
          <rc-card-subtitle
            class="rc-card-subtitle"
          >
            <span>
              1 an(s) et 7 mois
            </span>
            <span>
              La Chapelle/Erdre, Pays de Loire, France
            </span>
          </rc-card-subtitle>
        </div>
        <rc-card-content
          class="rc-card-content"
        >
          <rc-accordion>
            <rc-accordion-bloc
              class="rc-accordion-bloc"
            >
              <rc-accordion-bloc-header
                class="rc-accordion-bloc-header"
              >
                <rc-roles-list>
                  <rc-list
                    role="list"
                  >
                    <span
                      class="rc-list-items-wrapper"
                    >
                      <rc-list-item
                        class="rc-list-item"
                        role="list-item"
                      >
                        <rc-line
                          class="rc-line"
                        >
                          Développeur full-stack
                        </rc-line>
                        <rc-line
                          class="rc-line"
                        >
                          CDI ESN
                        </rc-line>
                        <rc-line
                          class="rc-line"
                        >
                          December 2018 - July 2019
                        </rc-line>
                      </rc-list-item>
                      
                    </span>
                  </rc-list>
                </rc-roles-list>
                <rc-material-icon
                  class="ng-trigger ng-trigger-rotate material-icons"
                  style=""
                >
                   expand_more 
                </rc-material-icon>
              </rc-accordion-bloc-header>
              <rc-accordion-bloc-content
                class="ng-trigger ng-trigger-collapsable rc-collapsed"
                style="height:0px;opacity:0.5;0:height;1:opacity;"
              >
                <span
                  class="rc-accordion-bloc-content-wrapper"
                >
                  <p
                    class="rc-quote"
                    rcquote=""
                  >
                    Développement from scratch d'une application web à destination des TPEs pour la gestion de leurs produits, clients, commandes et factures.
                  </p>
                  <rc-technologies-list>
                    <rc-list
                      class="rc-horizontal"
                      horizontal=""
                      role="list"
                    >
                      <rc-list-title
                        class="rc-list-title"
                      >
                        technologies
                      </rc-list-title>
                      <span
                        class="rc-list-items-wrapper"
                      >
                        <rc-list-item
                          class="rc-list-item"
                          role="list-item"
                          style=""
                        >
                          Angular 7
                        </rc-list-item>
                        <rc-list-item
                          class="rc-list-item"
                          role="list-item"
                          style=""
                        >
                          Angular Material 7
                        </rc-list-item>
                        <rc-list-item
                          class="rc-list-item"
                          role="list-item"
                          style=""
                        >
                          Java 8
                        </rc-list-item>
                        <rc-list-item
                          class="rc-list-item"
                          role="list-item"
                          style=""
                        >
                          maven
                        </rc-list-item>
                        <rc-list-item
                          class="rc-list-item"
                          role="list-item"
                          style=""
                        >
                          tomcat
                        </rc-list-item>
                        <rc-list-item
                          class="rc-list-item"
                          role="list-item"
                          style=""
                        >
                          Gitlab CI
                        </rc-list-item>
                        
                      </span>
                    </rc-list>
                  </rc-technologies-list>
                  <rc-tasks-list>
                    <rc-list
                      role="list"
                    >
                      <rc-list-title
                        class="rc-list-title"
                      >
                        completed-tasks
                      </rc-list-title>
                      <span
                        class="rc-list-items-wrapper"
                      >
                        <rc-list-item
                          class="rc-list-item"
                          role="list-item"
                          style=""
                        >
                          Développement des features
                        </rc-list-item>
                        <rc-list-item
                          class="rc-list-item"
                          role="list-item"
                          style=""
                        >
                          Challenger les maquettes fournies par l'UI/UX
                        </rc-list-item>
                        <rc-list-item
                          class="rc-list-item"
                          role="list-item"
                          style=""
                        >
                          Maintenance corrective et évolutive
                        </rc-list-item>
                        
                      </span>
                    </rc-list>
                  </rc-tasks-list>
                </span>
              </rc-accordion-bloc-content>
            </rc-accordion-bloc>
          </rc-accordion>
        </rc-card-content>
      </rc-card>
    </rc-experience-card>
    <rc-experience-card>
      <rc-card>
        <div
          class="rc-card-header"
        >
          <rc-card-title
            class="rc-card-title"
          >
            Oui.sncf
          </rc-card-title>
          <rc-card-subtitle
            class="rc-card-subtitle"
          >
            <span>
              3 an(s) et 4 mois
            </span>
            <span>
              Nantes, Pays de Loire, France
            </span>
          </rc-card-subtitle>
        </div>
        <rc-card-content
          class="rc-card-content"
        >
          <rc-accordion>
            <rc-accordion-bloc
              class="rc-accordion-bloc"
            >
              <rc-accordion-bloc-header
                class="rc-accordion-bloc-header"
              >
                <rc-roles-list>
                  <rc-list
                    role="list"
                  >
                    <span
                      class="rc-list-items-wrapper"
                    >
                      <rc-list-item
                        class="rc-list-item"
                        role="list-item"
                      >
                        <rc-line
                          class="rc-line"
                        >
                          Développeur backend-end
                        </rc-line>
                        <rc-line
                          class="rc-line"
                        >
                          CDI ESN
                        </rc-line>
                        <rc-line
                          class="rc-line"
                        >
                          October 2014 - December 2018
                        </rc-line>
                      </rc-list-item>
                      
                    </span>
                  </rc-list>
                </rc-roles-list>
                <rc-material-icon
                  class="ng-trigger ng-trigger-rotate material-icons"
                  style=""
                >
                   expand_more 
                </rc-material-icon>
              </rc-accordion-bloc-header>
              <rc-accordion-bloc-content
                class="ng-trigger ng-trigger-collapsable rc-collapsed"
                style="height:0px;opacity:0.5;0:height;1:opacity;"
              >
                <span
                  class="rc-accordion-bloc-content-wrapper"
                >
                  <p
                    class="rc-quote"
                    rcquote=""
                  >
                    Maintenance évolutive et corrective sur le back-office de l'application web de devis, vente et après vente de la SNCF.
                  </p>
                  <rc-technologies-list>
                    <rc-list
                      class="rc-horizontal"
                      horizontal=""
                      role="list"
                    >
                      <rc-list-title
                        class="rc-list-title"
                      >
                        technologies
                      </rc-list-title>
                      <span
                        class="rc-list-items-wrapper"
                      >
                        <rc-list-item
                          class="rc-list-item"
                          role="list-item"
                          style=""
                        >
                          REST
                        </rc-list-item>
                        <rc-list-item
                          class="rc-list-item"
                          role="list-item"
                          style=""
                        >
                          Java 8
                        </rc-list-item>
                        <rc-list-item
                          class="rc-list-item"
                          role="list-item"
                          style=""
                        >
                          Git
                        </rc-list-item>
                        <rc-list-item
                          class="rc-list-item"
                          role="list-item"
                          style=""
                        >
                          Maven
                        </rc-list-item>
                        <rc-list-item
                          class="rc-list-item"
                          role="list-item"
                          style=""
                        >
                          Tomcat
                        </rc-list-item>
                        
                      </span>
                    </rc-list>
                  </rc-technologies-list>
                  <rc-tasks-list>
                    <rc-list
                      role="list"
                    >
                      <rc-list-title
                        class="rc-list-title"
                      >
                        completed-tasks
                      </rc-list-title>
                      <span
                        class="rc-list-items-wrapper"
                      >
                        <rc-list-item
                          class="rc-list-item"
                          role="list-item"
                          style=""
                        >
                          Développement de features / corrections
                        </rc-list-item>
                        <rc-list-item
                          class="rc-list-item"
                          role="list-item"
                          style=""
                        >
                          Chiffrages
                        </rc-list-item>
                        <rc-list-item
                          class="rc-list-item"
                          role="list-item"
                          style=""
                        >
                          Cadrage technique
                        </rc-list-item>
                        
                      </span>
                    </rc-list>
                  </rc-tasks-list>
                </span>
              </rc-accordion-bloc-content>
            </rc-accordion-bloc>
          </rc-accordion>
        </rc-card-content>
      </rc-card>
    </rc-experience-card>
    
  </rc-experience-cards-list>,
]
`;
