// Jest Snapshot v1, https://goo.gl/fbAQLP

exports[`PartnersListComponent should create 1`] = `
<rc-partners-list>
  <rc-card>
    <div
      class="rc-card-header"
    />
    <rc-card-content
      class="rc-card-content"
    >
      <rc-partner-link>
        <a
          class="rc-button-icon"
          href="www.paulo.com"
          rcbuttonicon=""
          target="_blank"
        >
          <rc-cbp-custom-icon>
            <rc-custom-icon>
              <img
                alt="cbp"
                height="300"
                src="assets/images/cbp.svg"
                width="300"
              />
            </rc-custom-icon>
          </rc-cbp-custom-icon>
          
        </a>
      </rc-partner-link>
    </rc-card-content>
  </rc-card>
  
</rc-partners-list>
`;

exports[`PartnersListComponent should create empty 1`] = `
<rc-partners-list>
  
</rc-partners-list>
`;
