// Jest Snapshot v1, https://goo.gl/fbAQLP

exports[`AppComponent should create the app 1`] = `
HTMLCollection [
  <rc-rw-toolbar>
    <rc-toolbar>
      <rc-rw-avatar>
        <img
          alt="avatar"
          class="rc-avatar"
          rcavatar=""
          src="assets/venom.png"
        />
      </rc-rw-avatar>
      <rc-education-button-with-icon>
        <a
          class="rc-button"
          rcbutton=""
          role="button"
        >
          <rc-material-icon
            class="material-icons-outlined"
            type="outlined"
          >
            school
          </rc-material-icon>
           degrees

        </a>
      </rc-education-button-with-icon>
      <rc-experience-button-with-icon>
        <a
          class="rc-button"
          rcbutton=""
          role="button"
        >
          <rc-material-icon
            class="material-icons-outlined"
            type="outlined"
          >
            history_edu
          </rc-material-icon>
           experiences

        </a>
      </rc-experience-button-with-icon>
      <rc-partners-button-with-icon>
        <a
          class="rc-button"
          rcbutton=""
          role="button"
        >
          <rc-partner-icon>
            <rc-material-icon
              class="material-icons-outlined"
              type="outlined"
            >
              handshake
            </rc-material-icon>
          </rc-partner-icon>
           partners 
        </a>
      </rc-partners-button-with-icon>
      <rc-contact-button-icon>
        <a
          class="rc-button"
          rcbutton=""
          role="button"
        >
          <rc-material-icon
            class="material-icons-outlined"
            type="outlined"
          >
            mail
          </rc-material-icon>
        </a>
      </rc-contact-button-icon>
    </rc-toolbar>
  </rc-rw-toolbar>,
  <div
    class="ng-trigger ng-trigger-routeAnimations"
    style=""
  >
    <router-outlet />
    
  </div>,
  <rc-rw-footer>
    <footer>
      <rc-toolbar>
        <rc-nx-custom-icon>
          <rc-custom-icon>
            <img
              alt="nx"
              height="24"
              src="assets/images/nx.svg"
              width="24"
            />
          </rc-custom-icon>
        </rc-nx-custom-icon>
        <rc-angular-custom-icon>
          <rc-custom-icon>
            <img
              alt="angular"
              height="24"
              src="assets/images/angular.svg"
              width="24"
            />
          </rc-custom-icon>
        </rc-angular-custom-icon>
        <rc-jest-custom-icon>
          <rc-custom-icon>
            <img
              alt="jest"
              height="24"
              src="assets/images/jest.svg"
              width="24"
            />
          </rc-custom-icon>
        </rc-jest-custom-icon>
        <rc-storybook-custom-icon>
          <rc-custom-icon>
            <img
              alt="storybook"
              height="24"
              src="assets/images/storybook.svg"
              width="24"
            />
          </rc-custom-icon>
        </rc-storybook-custom-icon>
        <rc-sass-custom-icon>
          <rc-custom-icon>
            <img
              alt="sass"
              height="24"
              src="assets/images/sass.svg"
              width="24"
            />
          </rc-custom-icon>
        </rc-sass-custom-icon>
        <rc-cypress-custom-icon>
          <rc-custom-icon>
            <img
              alt="cypress"
              height="24"
              src="assets/images/cypress.svg"
              width="24"
            />
          </rc-custom-icon>
        </rc-cypress-custom-icon>
      </rc-toolbar>
    </footer>
  </rc-rw-footer>,
]
`;
