// Jest Snapshot v1, https://goo.gl/fbAQLP

exports[`EducationButtonWithIconComponent should create 1`] = `
<rc-education-button-with-icon>
  <a
    class="rc-button"
    rcbutton=""
  >
    <rc-material-icon
      class="material-icons-outlined"
      type="outlined"
    >
      school
    </rc-material-icon>
     Formations

  </a>
</rc-education-button-with-icon>
`;
