// Jest Snapshot v1, https://goo.gl/fbAQLP

exports[`JestCustomIconComponent should create with name $name, width 16 and height 24 1`] = `
<rc-jest-custom-icon>
  <rc-custom-icon>
    <img
      alt="jest"
      height="24"
      src="assets/images/jest.svg"
      width="24"
    />
  </rc-custom-icon>
</rc-jest-custom-icon>
`;

exports[`JestCustomIconComponent should create with name $name, width 32 and height undefined 1`] = `
<rc-jest-custom-icon>
  <rc-custom-icon>
    <img
      alt="jest"
      height="24"
      src="assets/images/jest.svg"
      width="24"
    />
  </rc-custom-icon>
</rc-jest-custom-icon>
`;
