// Jest Snapshot v1, https://goo.gl/fbAQLP

exports[`RwFooterComponent should create 1`] = `
HTMLCollection [
  <footer>
    <rc-toolbar>
      <rc-nx-custom-icon>
        <rc-custom-icon>
          <img
            alt="nx"
            height="24"
            src="assets/images/nx.svg"
            width="24"
          />
        </rc-custom-icon>
      </rc-nx-custom-icon>
      <rc-angular-custom-icon>
        <rc-custom-icon>
          <img
            alt="angular"
            height="24"
            src="assets/images/angular.svg"
            width="24"
          />
        </rc-custom-icon>
      </rc-angular-custom-icon>
      <rc-jest-custom-icon>
        <rc-custom-icon>
          <img
            alt="jest"
            height="24"
            src="assets/images/jest.svg"
            width="24"
          />
        </rc-custom-icon>
      </rc-jest-custom-icon>
      <rc-storybook-custom-icon>
        <rc-custom-icon>
          <img
            alt="storybook"
            height="24"
            src="assets/images/storybook.svg"
            width="24"
          />
        </rc-custom-icon>
      </rc-storybook-custom-icon>
      <rc-sass-custom-icon>
        <rc-custom-icon>
          <img
            alt="sass"
            height="24"
            src="assets/images/sass.svg"
            width="24"
          />
        </rc-custom-icon>
      </rc-sass-custom-icon>
      <rc-cypress-custom-icon>
        <rc-custom-icon>
          <img
            alt="cypress"
            height="24"
            src="assets/images/cypress.svg"
            width="24"
          />
        </rc-custom-icon>
      </rc-cypress-custom-icon>
    </rc-toolbar>
  </footer>,
]
`;
