// Jest Snapshot v1, https://goo.gl/fbAQLP

exports[`RwFooterComponent should create 1`] = `
HTMLCollection [
  <footer>
    <rc-toolbar>
      <rc-nx-custom-icon>
        <rc-custom-icon>
          <object
            data="assets/images/nx.svg"
            height="24"
            type="image/svg+xml"
            width="24"
          >
            <img
              alt="assets/images/nx"
              src="assets/images/nx.png"
            />
          </object>
        </rc-custom-icon>
      </rc-nx-custom-icon>
      <rc-angular-custom-icon>
        <rc-custom-icon>
          <object
            data="assets/images/angular.svg"
            height="24"
            type="image/svg+xml"
            width="24"
          >
            <img
              alt="assets/images/angular"
              src="assets/images/angular.png"
            />
          </object>
        </rc-custom-icon>
      </rc-angular-custom-icon>
      <rc-jest-custom-icon>
        <rc-custom-icon>
          <object
            data="assets/images/jest.svg"
            height="24"
            type="image/svg+xml"
            width="24"
          >
            <img
              alt="assets/images/jest"
              src="assets/images/jest.png"
            />
          </object>
        </rc-custom-icon>
      </rc-jest-custom-icon>
      <rc-storybook-custom-icon>
        <rc-custom-icon>
          <object
            data="assets/images/storybook.svg"
            height="24"
            type="image/svg+xml"
            width="24"
          >
            <img
              alt="assets/images/storybook"
              src="assets/images/storybook.png"
            />
          </object>
        </rc-custom-icon>
      </rc-storybook-custom-icon>
      <rc-sass-custom-icon>
        <rc-custom-icon>
          <object
            data="assets/images/sass.svg"
            height="24"
            type="image/svg+xml"
            width="24"
          >
            <img
              alt="assets/images/sass"
              src="assets/images/sass.png"
            />
          </object>
        </rc-custom-icon>
      </rc-sass-custom-icon>
      <rc-cypress-custom-icon>
        <rc-custom-icon>
          <object
            data="assets/images/cypress.svg"
            height="24"
            type="image/svg+xml"
            width="24"
          >
            <img
              alt="assets/images/cypress"
              src="assets/images/cypress.png"
            />
          </object>
        </rc-custom-icon>
      </rc-cypress-custom-icon>
    </rc-toolbar>
  </footer>,
]
`;
