// Jest Snapshot v1, https://goo.gl/fbAQLP

exports[`NorsysLinkIconComponent should create 1`] = `
HTMLCollection [
  <a
    class="rc-button-icon"
    href="https://www.norsys.fr/"
    rcbuttonicon=""
    target="_blank"
  >
    <rc-norsys-custom-icon>
      <rc-custom-icon>
        <object
          data="assets/images/norsys.svg"
          height="24"
          type="image/svg+xml"
          width="24"
        >
          <img
            alt="assets/images/norsys"
            src="assets/images/norsys.png"
          />
        </object>
      </rc-custom-icon>
    </rc-norsys-custom-icon>
  </a>,
]
`;
