// Jest Snapshot v1, https://goo.gl/fbAQLP

exports[`EducationPageComponent should create 1`] = `
HTMLCollection [
  <rc-education-cards-list>
    <rc-education-card>
      <rc-card>
        <div
          class="rc-card-header"
        >
          
          <rc-card-title
            class="rc-card-title"
          >
            Master MIAGE par apprentissage
          </rc-card-title>
          <rc-card-subtitle
            class="rc-card-subtitle"
          >
            2012 - 2014
          </rc-card-subtitle>
        </div>
        <rc-card-content
          class="rc-card-content"
        >
          Université Paris-Sud, Méthodes Informatique Appliquées à la Gestion d'entreprise
        </rc-card-content>
      </rc-card>
    </rc-education-card>
    <rc-education-card>
      <rc-card>
        <div
          class="rc-card-header"
        >
          
          <rc-card-title
            class="rc-card-title"
          >
            Licence MIAGE par apprentissage
          </rc-card-title>
          <rc-card-subtitle
            class="rc-card-subtitle"
          >
            2011 - 2012
          </rc-card-subtitle>
        </div>
        <rc-card-content
          class="rc-card-content"
        >
          Université Paris-Sud, Méthodes Informatique Appliquées à la Gestion d'entreprise
        </rc-card-content>
      </rc-card>
    </rc-education-card>
    
  </rc-education-cards-list>,
]
`;
