// Jest Snapshot v1, https://goo.gl/fbAQLP

exports[`PartnersButtonWithIconComponent should create 1`] = `
<rc-partners-button-with-icon>
  <a
    class="rc-button"
    rcbutton=""
    role="button"
  >
    <rc-partner-icon>
      <rc-material-icon
        class="material-icons-outlined"
        type="outlined"
      >
        handshake
      </rc-material-icon>
    </rc-partner-icon>
     partners 
  </a>
</rc-partners-button-with-icon>
`;
