// Jest Snapshot v1, https://goo.gl/fbAQLP

exports[`ContactButtonIconComponent should create 1`] = `
<rc-contact-button-icon>
  <a
    class="rc-button"
    rcbutton=""
    role="button"
  >
    <rc-material-icon
      class="material-icons-outlined"
      type="outlined"
    >
      mail
    </rc-material-icon>
  </a>
</rc-contact-button-icon>
`;
