// Jest Snapshot v1, https://goo.gl/fbAQLP

exports[`SassCustomIconComponent should create with name $name, width 16 and height 24 1`] = `
<rc-sass-custom-icon>
  <rc-custom-icon>
    <img
      alt="sass"
      height="24"
      src="assets/images/sass.svg"
      width="24"
    />
  </rc-custom-icon>
</rc-sass-custom-icon>
`;

exports[`SassCustomIconComponent should create with name $name, width 32 and height undefined 1`] = `
<rc-sass-custom-icon>
  <rc-custom-icon>
    <img
      alt="sass"
      height="24"
      src="assets/images/sass.svg"
      width="24"
    />
  </rc-custom-icon>
</rc-sass-custom-icon>
`;
