// Jest Snapshot v1, https://goo.gl/fbAQLP

exports[`CustomIconComponent should create with name test, width 32 and height undefined 1`] = `
<rc-custom-icon>
  <img
    alt="test"
    height="32"
    src="assets/images/test.svg"
    width="32"
  />
</rc-custom-icon>
`;

exports[`CustomIconComponent should create with name test2, width 16 and height 24 1`] = `
<rc-custom-icon>
  <img
    alt="test2"
    height="24"
    src="assets/images/test2.svg"
    width="16"
  />
</rc-custom-icon>
`;
