// Jest Snapshot v1, https://goo.gl/fbAQLP

exports[`CbpLinkIconComponent should create 1`] = `
HTMLCollection [
  <a
    class="rc-button-icon"
    href="https://www.cbp.fr/"
    rcbuttonicon=""
    target="_blank"
  >
    <rc-cbp-custom-icon>
      <rc-custom-icon>
        <object
          data="assets/images/cbp.svg"
          height="300"
          type="image/svg+xml"
          width="300"
        >
          <img
            alt="assets/images/cbp"
            src="assets/images/cbp.png"
          />
        </object>
      </rc-custom-icon>
    </rc-cbp-custom-icon>
  </a>,
]
`;
